openjdk version "25.0.4.1" 2026-08-18
OpenJDK Runtime Environment (build 25.0.4.1+1-1-Debian)
OpenJDK 64-Bit Server VM (build 25.0.4.1+1-1-Debian, mixed mode)
INFO  Using log config file: jar:file:/usr/share/ghidra/Ghidra/Framework/Generic/lib/Generic.jar!/generic.log4j.xml (LoggingInitialization)  
INFO  Using log file: /root/.config/ghidra/ghidra_12.1.3_DEV/application.log (LoggingInitialization)  
INFO  Loading user preferences: /root/.config/ghidra/ghidra_12.1.3_DEV/preferences (Preferences)  
INFO  Searching for classes... (ClassSearcher)  
INFO  Class search complete (1498 ms) (ClassSearcher)  
INFO  Initializing SSL Context (DefaultSSLContextInitializer)  
INFO  Initializing Random Number Generator... (SecureRandomFactory)  
INFO  Random Number Generator initialization complete: NativePRNGNonBlocking (SecureRandomFactory)  
INFO  Trust manager disabled, cacerts have not been set (DefaultTrustManagerFactory)  
INFO  Headless startup complete (3247 ms) (AnalyzeHeadless)  
INFO  Class searcher loaded 59 extension points (20 false positives) (ClassSearcher)  
WARNING: A terminally deprecated method in sun.misc.Unsafe has been called
WARNING: sun.misc.Unsafe::staticFieldOffset has been called by org.apache.felix.framework.util.SecureAction (file:/usr/share/ghidra/Ghidra/Features/Base/lib/org.apache.felix.framework-7.0.5.jar)
WARNING: Please consider reporting this to the maintainers of class org.apache.felix.framework.util.SecureAction
WARNING: sun.misc.Unsafe::staticFieldOffset will be removed in a future release
INFO  HEADLESS Script Paths:
    /usr/share/ghidra/Ghidra/Processors/8051/ghidra_scripts
    /usr/share/ghidra/Ghidra/Features/DecompilerDependent/ghidra_scripts
    /usr/share/ghidra/Ghidra/Features/GnuDemangler/ghidra_scripts
    /usr/share/ghidra/Ghidra/Features/BytePatterns/ghidra_scripts
    /usr/share/ghidra/Ghidra/Features/FileFormats/ghidra_scripts
    /usr/share/ghidra/Ghidra/Features/Base/ghidra_scripts
    /usr/share/ghidra/Ghidra/Features/PDB/ghidra_scripts
    /usr/share/ghidra/Ghidra/Features/WildcardAssembler/ghidra_scripts
    /usr/share/ghidra/Ghidra/Processors/Atmel/ghidra_scripts
    /usr/share/ghidra/Ghidra/Processors/JVM/ghidra_scripts
    /usr/share/ghidra/Ghidra/Features/SwiftDemangler/ghidra_scripts
    /usr/share/ghidra/Ghidra/Processors/DATA/ghidra_scripts
    /usr/share/ghidra/Ghidra/Features/SystemEmulation/ghidra_scripts
    /usr/share/ghidra/Ghidra/Features/BSim/ghidra_scripts
    /usr/share/ghidra/Ghidra/Features/PyGhidra/ghidra_scripts
    /usr/share/ghidra/Ghidra/Features/Decompiler/ghidra_scripts
    /usr/share/ghidra/Ghidra/Features/MicrosoftCodeAnalyzer/ghidra_scripts
    /usr/share/ghidra/Ghidra/Debug/Debugger-rmi-trace/ghidra_scripts
    /usr/share/ghidra/Ghidra/Features/FunctionID/ghidra_scripts
    /tmp
    /usr/share/ghidra/Ghidra/Features/VersionTracking/ghidra_scripts
    /usr/share/ghidra/Ghidra/Debug/Debugger/ghidra_scripts
    /usr/share/ghidra/Ghidra/Processors/PIC/ghidra_scripts (HeadlessAnalyzer)  
INFO  HEADLESS: execution starts (HeadlessAnalyzer)  
INFO  Opening existing project: /home/dong/prlvideo-ng/ghidra_proj/clientapp (HeadlessAnalyzer)  
INFO  Opening project: /home/dong/prlvideo-ng/ghidra_proj/clientapp (HeadlessProject)  
INFO  REPORT: Processing project file: /prl_client_app (HeadlessAnalyzer)  
INFO  REPORT: Execute script: GhidraDecompClient.java  (HeadlessAnalyzer)  
GhidraDecompClient.java:21: error: <identifier> expected
                    w.write(r.getDecompiledFunction().getC());
                           ^
GhidraDecompClient.java:21: error: <identifier> expected
                    w.write(r.getDecompiledFunction().getC());
                                                   ^
GhidraDecompClient.java:22: error: ')' expected
                }
                 ^
GhidraDecompClient.java:28: error: reached end of file while parsing
}
 ^
skipping /tmp/GhidraDecompClient.java
ERROR REPORT SCRIPT ERROR: GhidraDecompClient.java : The class could not be found. It must be the public class of the .java file: GhidraDecompClient not found by 171e88 [1] (HeadlessAnalyzer) ghidra.app.script.GhidraScriptLoadException: The class could not be found. It must be the public class of the .java file: GhidraDecompClient not found by 171e88 [1]
	at ghidra.app.script.JavaScriptProvider.getScriptInstance(JavaScriptProvider.java:114)
	at ghidra.app.util.headless.HeadlessAnalyzer.runScriptsList(HeadlessAnalyzer.java:915)
	at ghidra.app.util.headless.HeadlessAnalyzer.analyzeProgram(HeadlessAnalyzer.java:1085)
	at ghidra.app.util.headless.HeadlessAnalyzer.processFileNoImport(HeadlessAnalyzer.java:1183)
	at ghidra.app.util.headless.HeadlessAnalyzer.processFolderNoImport(HeadlessAnalyzer.java:1355)
	at ghidra.app.util.headless.HeadlessAnalyzer.processNoImport(HeadlessAnalyzer.java:1384)
	at ghidra.app.util.headless.HeadlessAnalyzer.processLocal(HeadlessAnalyzer.java:449)
	at ghidra.app.util.headless.AnalyzeHeadless.launch(AnalyzeHeadless.java:199)
	at ghidra.GhidraLauncher.launch(GhidraLauncher.java:81)
	at ghidra.Ghidra.main(Ghidra.java:54)
Caused by: java.lang.ClassNotFoundException: GhidraDecompClient not found by 171e88 [1]
	at org.apache.felix.framework.BundleWiringImpl.findClassOrResourceByDelegation(BundleWiringImpl.java:1591)
	at org.apache.felix.framework.BundleWiringImpl.access$300(BundleWiringImpl.java:79)
	at org.apache.felix.framework.BundleWiringImpl$BundleClassLoader.loadClass(BundleWiringImpl.java:1976)
	at java.base/java.lang.ClassLoader.loadClass(ClassLoader.java:490)
	at org.apache.felix.framework.Felix.loadBundleClass(Felix.java:2116)
	at org.apache.felix.framework.BundleImpl.loadClass(BundleImpl.java:986)
	at ghidra.app.script.JavaScriptProvider.loadClass(JavaScriptProvider.java:166)
	at ghidra.app.script.JavaScriptProvider.getScriptInstance(JavaScriptProvider.java:97)
	... 9 more
 
INFO  REPORT: Save succeeded for processed file: /prl_client_app (HeadlessAnalyzer)  
