openjdk version "25.0.4.1" 2026-08-18
OpenJDK Runtime Environment (build 25.0.4.1+1-1-Debian)
OpenJDK 64-Bit Server VM (build 25.0.4.1+1-1-Debian, mixed mode)
INFO  Using log config file: jar:file:/usr/share/ghidra/Ghidra/Framework/Generic/lib/Generic.jar!/generic.log4j.xml (LoggingInitialization)  
INFO  Using log file: /root/.config/ghidra/ghidra_12.1.3_DEV/application.log (LoggingInitialization)  
INFO  Loading user preferences: /root/.config/ghidra/ghidra_12.1.3_DEV/preferences (Preferences)  
INFO  Searching for classes... (ClassSearcher)  
INFO  Class search complete (1509 ms) (ClassSearcher)  
INFO  Initializing SSL Context (DefaultSSLContextInitializer)  
INFO  Initializing Random Number Generator... (SecureRandomFactory)  
INFO  Random Number Generator initialization complete: NativePRNGNonBlocking (SecureRandomFactory)  
INFO  Trust manager disabled, cacerts have not been set (DefaultTrustManagerFactory)  
INFO  Headless startup complete (3321 ms) (AnalyzeHeadless)  
INFO  Class searcher loaded 59 extension points (20 false positives) (ClassSearcher)  
WARNING: A terminally deprecated method in sun.misc.Unsafe has been called
WARNING: sun.misc.Unsafe::staticFieldOffset has been called by org.apache.felix.framework.util.SecureAction (file:/usr/share/ghidra/Ghidra/Features/Base/lib/org.apache.felix.framework-7.0.5.jar)
WARNING: Please consider reporting this to the maintainers of class org.apache.felix.framework.util.SecureAction
WARNING: sun.misc.Unsafe::staticFieldOffset will be removed in a future release
INFO  HEADLESS Script Paths:
    /usr/share/ghidra/Ghidra/Processors/8051/ghidra_scripts
    /usr/share/ghidra/Ghidra/Features/DecompilerDependent/ghidra_scripts
    /usr/share/ghidra/Ghidra/Features/GnuDemangler/ghidra_scripts
    /usr/share/ghidra/Ghidra/Features/BytePatterns/ghidra_scripts
    /usr/share/ghidra/Ghidra/Features/FileFormats/ghidra_scripts
    /usr/share/ghidra/Ghidra/Features/Base/ghidra_scripts
    /usr/share/ghidra/Ghidra/Features/PDB/ghidra_scripts
    /usr/share/ghidra/Ghidra/Features/WildcardAssembler/ghidra_scripts
    /usr/share/ghidra/Ghidra/Processors/Atmel/ghidra_scripts
    /usr/share/ghidra/Ghidra/Processors/JVM/ghidra_scripts
    /home/dong/prlvideo-ng
    /usr/share/ghidra/Ghidra/Features/SwiftDemangler/ghidra_scripts
    /usr/share/ghidra/Ghidra/Processors/DATA/ghidra_scripts
    /usr/share/ghidra/Ghidra/Features/SystemEmulation/ghidra_scripts
    /usr/share/ghidra/Ghidra/Features/BSim/ghidra_scripts
    /usr/share/ghidra/Ghidra/Features/PyGhidra/ghidra_scripts
    /usr/share/ghidra/Ghidra/Features/Decompiler/ghidra_scripts
    /usr/share/ghidra/Ghidra/Features/MicrosoftCodeAnalyzer/ghidra_scripts
    /usr/share/ghidra/Ghidra/Debug/Debugger-rmi-trace/ghidra_scripts
    /usr/share/ghidra/Ghidra/Features/FunctionID/ghidra_scripts
    /usr/share/ghidra/Ghidra/Features/VersionTracking/ghidra_scripts
    /usr/share/ghidra/Ghidra/Debug/Debugger/ghidra_scripts
    /usr/share/ghidra/Ghidra/Processors/PIC/ghidra_scripts (HeadlessAnalyzer)  
INFO  HEADLESS: execution starts (HeadlessAnalyzer)  
INFO  Opening existing project: /home/dong/prlvideo-ng/ghidra_proj/clientapp (HeadlessAnalyzer)  
INFO  Opening project: /home/dong/prlvideo-ng/ghidra_proj/clientapp (HeadlessProject)  
INFO  REPORT: Processing project file: /prl_client_app (HeadlessAnalyzer)  
INFO  REPORT: Execute script: DecompAll.java  (HeadlessAnalyzer)  
INFO  SCRIPT: /home/dong/prlvideo-ng/DecompAll.java (HeadlessAnalyzer)  
INFO  DecompAll.java> DECOMPILED_ALL=37315 (GhidraScript)  
INFO  REPORT: Save succeeded for processed file: /prl_client_app (HeadlessAnalyzer)  
